../Core/Src/main.c:73:6:HAL_TIM_PeriodElapsedCallback	16	static
../Core/Src/main.c:79:6:HAL_GPIO_EXTI_Callback	24	static
../Core/Src/main.c:120:5:main	8	static
../Core/Src/main.c:186:6:SystemClock_Config	72	static
../Core/Src/main.c:225:13:MX_TIM2_Init	40	static
../Core/Src/main.c:270:13:MX_TIM6_Init	24	static
../Core/Src/main.c:308:13:MX_USART2_UART_Init	8	static
../Core/Src/main.c:343:13:MX_GPIO_Init	40	static
../Core/Src/main.c:372:5:_write	24	static
../Core/Src/main.c:383:6:Error_Handler	4	static,ignoring_inline_asm
