../Core/Src/main.c:73:6:HAL_TIM_PeriodElapsedCallback	16	static
../Core/Src/main.c:79:6:HAL_GPIO_EXTI_Callback	24	static
../Core/Src/main.c:123:5:main	8	static
../Core/Src/main.c:189:6:SystemClock_Config	72	static
../Core/Src/main.c:228:13:MX_TIM2_Init	40	static
../Core/Src/main.c:273:13:MX_TIM6_Init	24	static
../Core/Src/main.c:311:13:MX_USART2_UART_Init	8	static
../Core/Src/main.c:346:13:MX_GPIO_Init	40	static
../Core/Src/main.c:375:5:_write	24	static
../Core/Src/main.c:386:6:Error_Handler	4	static,ignoring_inline_asm
